../Core/Src/main.c:79:5:main	16	static
../Core/Src/main.c:149:6:SystemClock_Config	88	static
../Core/Src/main.c:196:13:MX_ADC1_Init	24	static
../Core/Src/main.c:378:13:MX_CAN_Init	8	static
../Core/Src/main.c:415:13:MX_TIM1_Init	32	static
../Core/Src/main.c:461:13:MX_USART1_UART_Init	8	static
../Core/Src/main.c:494:13:MX_USART3_UART_Init	8	static
../Core/Src/main.c:525:13:MX_DMA_Init	16	static
../Core/Src/main.c:543:13:MX_GPIO_Init	40	static
../Core/Src/main.c:604:6:Error_Handler	4	static,ignoring_inline_asm
