../Core/Src/main.c:60:5:__io_putchar	1
../Core/Src/main.c:87:5:main	4
../Core/Src/main.c:158:6:SystemClock_Config	3
../Core/Src/main.c:205:13:MX_TIM2_Init	7
../Core/Src/main.c:269:13:MX_USART3_UART_Init	2
../Core/Src/main.c:302:13:MX_USB_OTG_FS_PCD_Init	2
../Core/Src/main.c:337:13:MX_GPIO_Init	1
../Core/Src/main.c:388:6:HAL_TIM_IC_CaptureCallback	6
../Core/Src/main.c:426:6:HAL_TIM_PeriodElapsedCallback	2
../Core/Src/main.c:434:6:ProcessQueueData	1
../Core/Src/main.c:441:9:CheckRemocon	12
../Core/Src/main.c:519:6:Error_Handler	1
