../Core/Src/main.c:76:5:main	8	static
../Core/Src/main.c:126:6:SystemClock_Config	88	static
../Core/Src/main.c:173:13:MX_TIM2_Init	32	static
../Core/Src/main.c:218:13:MX_TIM3_Init	32	static
../Core/Src/main.c:263:13:MX_TIM4_Init	32	static
../Core/Src/main.c:308:13:MX_USART3_UART_Init	8	static
../Core/Src/main.c:341:13:MX_USB_OTG_FS_PCD_Init	8	static
../Core/Src/main.c:376:13:MX_GPIO_Init	56	static
../Core/Src/main.c:427:6:HAL_TIM_PeriodElapsedCallback	16	static
../Core/Src/main.c:447:6:Error_Handler	4	static,ignoring_inline_asm
