../Core/Src/main.c:78:5:main	8	static
../Core/Src/main.c:146:6:SystemClock_Config	88	static
../Core/Src/main.c:193:13:MX_CAN1_Init	8	static
../Core/Src/main.c:230:13:MX_TIM2_Init	64	static
../Core/Src/main.c:293:13:MX_TIM5_Init	64	static
../Core/Src/main.c:357:13:MX_TIM7_Init	16	static
../Core/Src/main.c:395:13:MX_USART1_Init	8	static
../Core/Src/main.c:429:13:MX_GPIO_Init	56	static
../Core/Src/main.c:492:6:HAL_TIM_PeriodElapsedCallback	16	static
../Core/Src/main.c:507:6:Error_Handler	4	static,ignoring_inline_asm
