../Core/Src/main.c:75:5:main	8	static
../Core/Src/main.c:128:6:SystemClock_Config	88	static
../Core/Src/main.c:174:13:MX_TIM1_Init	32	static
../Core/Src/main.c:220:13:MX_USART3_UART_Init	8	static
../Core/Src/main.c:253:13:MX_USB_OTG_FS_PCD_Init	8	static
../Core/Src/main.c:288:13:MX_GPIO_Init	56	static
../Core/Src/main.c:339:6:ethernetif_notify_conn_changed	16	static
../Core/Src/main.c:356:6:HAL_TIM_PeriodElapsedCallback	16	static
../Core/Src/main.c:368:6:Error_Handler	4	static,ignoring_inline_asm
