../Core/Src/main.c:76:5:main	8	static
../Core/Src/main.c:129:6:SystemClock_Config	88	static
../Core/Src/main.c:176:13:MX_TIM2_Init	48	static
../Core/Src/main.c:225:13:MX_TIM3_Init	32	static
../Core/Src/main.c:279:13:MX_USART3_UART_Init	8	static
../Core/Src/main.c:312:13:MX_USB_OTG_FS_PCD_Init	8	static
../Core/Src/main.c:347:13:MX_GPIO_Init	56	static
../Core/Src/main.c:398:6:HAL_TIM_IC_CaptureCallback	16	static
../Core/Src/main.c:422:6:HAL_TIM_PWM_PulseFinishedCallback	16	static
../Core/Src/main.c:439:6:Error_Handler	4	static,ignoring_inline_asm
