../Core/Src/main.c:71:5:__io_putchar	16	static
../Core/Src/main.c:87:5:main	16	static
../Core/Src/main.c:138:6:SystemClock_Config	88	static
../Core/Src/main.c:184:13:MX_ETH_Init	8	static
../Core/Src/main.c:233:13:MX_TIM6_Init	16	static
../Core/Src/main.c:271:13:MX_USART3_UART_Init	8	static
../Core/Src/main.c:304:13:MX_USB_OTG_FS_PCD_Init	8	static
../Core/Src/main.c:339:13:MX_GPIO_Init	56	static
../Core/Src/main.c:394:6:HAL_TIM_PeriodElapsedCallback	16	static
../Core/Src/main.c:422:6:Error_Handler	4	static,ignoring_inline_asm
