../Core/Src/main.c:71:5:__io_putchar	16	static
../Core/Src/main.c:86:5:main	8	static
../Core/Src/main.c:139:6:SystemClock_Config	88	static
../Core/Src/main.c:185:13:MX_ETH_Init	8	static
../Core/Src/main.c:234:13:MX_TIM1_Init	32	static
../Core/Src/main.c:280:13:MX_USART3_UART_Init	8	static
../Core/Src/main.c:313:13:MX_USB_OTG_FS_PCD_Init	8	static
../Core/Src/main.c:348:13:MX_GPIO_Init	56	static
../Core/Src/main.c:403:6:HAL_TIM_PeriodElapsedCallback	16	static
../Core/Src/main.c:430:6:Error_Handler	4	static,ignoring_inline_asm
