16:52:55 **** Incremental Build of configuration Debug for project F405ZGT6_TIM_Encorder_Mode ****
make -j4 all 
arm-none-eabi-gcc "../Core/Src/main.c" -mcpu=cortex-m4 -std=gnu11 -g3 -DDEBUG -DUSE_HAL_DRIVER -DSTM32F405xx -c -I../Core/Inc -I../Drivers/STM32F4xx_HAL_Driver/Inc -I../Drivers/STM32F4xx_HAL_Driver/Inc/Legacy -I../Drivers/CMSIS/Device/ST/STM32F4xx/Include -I../Drivers/CMSIS/Include -O0 -ffunction-sections -fdata-sections -Wall -fstack-usage -fcyclomatic-complexity -MMD -MP -MF"Core/Src/main.d" -MT"Core/Src/main.o" --specs=nano.specs -mfpu=fpv4-sp-d16 -mfloat-abi=hard -mthumb -o "Core/Src/main.o"
arm-none-eabi-gcc "../Core/Src/stm32f4xx_hal_msp.c" -mcpu=cortex-m4 -std=gnu11 -g3 -DDEBUG -DUSE_HAL_DRIVER -DSTM32F405xx -c -I../Core/Inc -I../Drivers/STM32F4xx_HAL_Driver/Inc -I../Drivers/STM32F4xx_HAL_Driver/Inc/Legacy -I../Drivers/CMSIS/Device/ST/STM32F4xx/Include -I../Drivers/CMSIS/Include -O0 -ffunction-sections -fdata-sections -Wall -fstack-usage -fcyclomatic-complexity -MMD -MP -MF"Core/Src/stm32f4xx_hal_msp.d" -MT"Core/Src/stm32f4xx_hal_msp.o" --specs=nano.specs -mfpu=fpv4-sp-d16 -mfloat-abi=hard -mthumb -o "Core/Src/stm32f4xx_hal_msp.o"
arm-none-eabi-gcc -o "F405ZGT6_TIM_Encorder_Mode.elf" @"objects.list"   -mcpu=cortex-m4 -T"C:\Users\RND_220516\Documents\STM32\F405ZGT6_TIM_Encorder_Mode\STM32F405ZGTX_FLASH.ld" --specs=nosys.specs -Wl,-Map="F405ZGT6_TIM_Encorder_Mode.map" -Wl,--gc-sections -static --specs=nano.specs -mfpu=fpv4-sp-d16 -mfloat-abi=hard -mthumb -Wl,--start-group -lc -lm -Wl,--end-group
Finished building target: F405ZGT6_TIM_Encorder_Mode.elf
 
arm-none-eabi-size  F405ZGT6_TIM_Encorder_Mode.elf 
arm-none-eabi-objdump -h -S F405ZGT6_TIM_Encorder_Mode.elf  > "F405ZGT6_TIM_Encorder_Mode.list"
   text	   data	    bss	    dec	    hex	filename
  11660	     16	   1752	  13428	   3474	F405ZGT6_TIM_Encorder_Mode.elf
Finished building: default.size.stdout
 
Finished building: F405ZGT6_TIM_Encorder_Mode.list
 

16:52:57 Build Finished. 0 errors, 0 warnings. (took 1s.990ms)

