10:16:01 **** Incremental Build of configuration Debug for project F405ZGT6_PWM_test ****
make -j4 all 
arm-none-eabi-gcc "../Core/Src/main.c" -mcpu=cortex-m4 -std=gnu11 -g3 -DDEBUG -DUSE_HAL_DRIVER -DSTM32F405xx -c -I../Core/Inc -I../Drivers/STM32F4xx_HAL_Driver/Inc -I../Drivers/STM32F4xx_HAL_Driver/Inc/Legacy -I../Drivers/CMSIS/Device/ST/STM32F4xx/Include -I../Drivers/CMSIS/Include -O0 -ffunction-sections -fdata-sections -Wall -fstack-usage -fcyclomatic-complexity -MMD -MP -MF"Core/Src/main.d" -MT"Core/Src/main.o" --specs=nano.specs -mfpu=fpv4-sp-d16 -mfloat-abi=hard -mthumb -o "Core/Src/main.o"
arm-none-eabi-gcc -o "F405ZGT6_PWM_test.elf" @"objects.list"   -mcpu=cortex-m4 -T"C:\Users\RND_220516\Documents\STM32\F405ZGT6_PWM_test\STM32F405ZGTX_FLASH.ld" --specs=nosys.specs -Wl,-Map="F405ZGT6_PWM_test.map" -Wl,--gc-sections -static --specs=nano.specs -mfpu=fpv4-sp-d16 -mfloat-abi=hard -mthumb -Wl,--start-group -lc -lm -Wl,--end-group
Finished building target: F405ZGT6_PWM_test.elf
 
arm-none-eabi-size  F405ZGT6_PWM_test.elf 
arm-none-eabi-objdump -h -S F405ZGT6_PWM_test.elf  > "F405ZGT6_PWM_test.list"
   text	   data	    bss	    dec	    hex	filename
  15584	     12	   1900	  17496	   4458	F405ZGT6_PWM_test.elf
Finished building: default.size.stdout
 
Finished building: F405ZGT6_PWM_test.list
 
10:17:52 **** Incremental Build of configuration Debug for project F405ZGT6_PWM_test ****
make -j4 all 
arm-none-eabi-size  F405ZGT6_PWM_test.elf 
   text	   data	    bss	    dec	    hex	filename
  15584	     12	   1900	  17496	   4458	F405ZGT6_PWM_test.elf
Finished building: default.size.stdout
 
10:18:22 **** Incremental Build of configuration Debug for project F405ZGT6_PWM_test ****
make -j4 all 
arm-none-eabi-size  F405ZGT6_PWM_test.elf 
   text	   data	    bss	    dec	    hex	filename
  15584	     12	   1900	  17496	   4458	F405ZGT6_PWM_test.elf
Finished building: default.size.stdout
 
10:19:29 **** Incremental Build of configuration Debug for project F405ZGT6_PWM_test ****
make -j4 all 
arm-none-eabi-gcc "../Core/Src/main.c" -mcpu=cortex-m4 -std=gnu11 -g3 -DDEBUG -DUSE_HAL_DRIVER -DSTM32F405xx -c -I../Core/Inc -I../Drivers/STM32F4xx_HAL_Driver/Inc -I../Drivers/STM32F4xx_HAL_Driver/Inc/Legacy -I../Drivers/CMSIS/Device/ST/STM32F4xx/Include -I../Drivers/CMSIS/Include -O0 -ffunction-sections -fdata-sections -Wall -fstack-usage -fcyclomatic-complexity -MMD -MP -MF"Core/Src/main.d" -MT"Core/Src/main.o" --specs=nano.specs -mfpu=fpv4-sp-d16 -mfloat-abi=hard -mthumb -o "Core/Src/main.o"
arm-none-eabi-gcc -o "F405ZGT6_PWM_test.elf" @"objects.list"   -mcpu=cortex-m4 -T"C:\Users\RND_220516\Documents\STM32\F405ZGT6_PWM_test\STM32F405ZGTX_FLASH.ld" --specs=nosys.specs -Wl,-Map="F405ZGT6_PWM_test.map" -Wl,--gc-sections -static --specs=nano.specs -mfpu=fpv4-sp-d16 -mfloat-abi=hard -mthumb -Wl,--start-group -lc -lm -Wl,--end-group
Finished building target: F405ZGT6_PWM_test.elf
 
arm-none-eabi-size  F405ZGT6_PWM_test.elf 
arm-none-eabi-objdump -h -S F405ZGT6_PWM_test.elf  > "F405ZGT6_PWM_test.list"
   text	   data	    bss	    dec	    hex	filename
  15588	     12	   1900	  17500	   445c	F405ZGT6_PWM_test.elf
Finished building: default.size.stdout
 
Finished building: F405ZGT6_PWM_test.list
 
10:20:21 **** Incremental Build of configuration Debug for project F405ZGT6_PWM_test ****
make -j4 all 
arm-none-eabi-gcc "../Core/Src/main.c" -mcpu=cortex-m4 -std=gnu11 -g3 -DDEBUG -DUSE_HAL_DRIVER -DSTM32F405xx -c -I../Core/Inc -I../Drivers/STM32F4xx_HAL_Driver/Inc -I../Drivers/STM32F4xx_HAL_Driver/Inc/Legacy -I../Drivers/CMSIS/Device/ST/STM32F4xx/Include -I../Drivers/CMSIS/Include -O0 -ffunction-sections -fdata-sections -Wall -fstack-usage -fcyclomatic-complexity -MMD -MP -MF"Core/Src/main.d" -MT"Core/Src/main.o" --specs=nano.specs -mfpu=fpv4-sp-d16 -mfloat-abi=hard -mthumb -o "Core/Src/main.o"
arm-none-eabi-gcc -o "F405ZGT6_PWM_test.elf" @"objects.list"   -mcpu=cortex-m4 -T"C:\Users\RND_220516\Documents\STM32\F405ZGT6_PWM_test\STM32F405ZGTX_FLASH.ld" --specs=nosys.specs -Wl,-Map="F405ZGT6_PWM_test.map" -Wl,--gc-sections -static --specs=nano.specs -mfpu=fpv4-sp-d16 -mfloat-abi=hard -mthumb -Wl,--start-group -lc -lm -Wl,--end-group
Finished building target: F405ZGT6_PWM_test.elf
 
arm-none-eabi-size  F405ZGT6_PWM_test.elf 
arm-none-eabi-objdump -h -S F405ZGT6_PWM_test.elf  > "F405ZGT6_PWM_test.list"
   text	   data	    bss	    dec	    hex	filename
  15584	     12	   1900	  17496	   4458	F405ZGT6_PWM_test.elf
Finished building: default.size.stdout
 
Finished building: F405ZGT6_PWM_test.list
 
10:21:55 **** Incremental Build of configuration Debug for project F405ZGT6_PWM_test ****
make -j4 all 
arm-none-eabi-gcc "../Core/Src/main.c" -mcpu=cortex-m4 -std=gnu11 -g3 -DDEBUG -DUSE_HAL_DRIVER -DSTM32F405xx -c -I../Core/Inc -I../Drivers/STM32F4xx_HAL_Driver/Inc -I../Drivers/STM32F4xx_HAL_Driver/Inc/Legacy -I../Drivers/CMSIS/Device/ST/STM32F4xx/Include -I../Drivers/CMSIS/Include -O0 -ffunction-sections -fdata-sections -Wall -fstack-usage -fcyclomatic-complexity -MMD -MP -MF"Core/Src/main.d" -MT"Core/Src/main.o" --specs=nano.specs -mfpu=fpv4-sp-d16 -mfloat-abi=hard -mthumb -o "Core/Src/main.o"
arm-none-eabi-gcc -o "F405ZGT6_PWM_test.elf" @"objects.list"   -mcpu=cortex-m4 -T"C:\Users\RND_220516\Documents\STM32\F405ZGT6_PWM_test\STM32F405ZGTX_FLASH.ld" --specs=nosys.specs -Wl,-Map="F405ZGT6_PWM_test.map" -Wl,--gc-sections -static --specs=nano.specs -mfpu=fpv4-sp-d16 -mfloat-abi=hard -mthumb -Wl,--start-group -lc -lm -Wl,--end-group
Finished building target: F405ZGT6_PWM_test.elf
 
arm-none-eabi-size  F405ZGT6_PWM_test.elf 
arm-none-eabi-objdump -h -S F405ZGT6_PWM_test.elf  > "F405ZGT6_PWM_test.list"
   text	   data	    bss	    dec	    hex	filename
  15584	     12	   1900	  17496	   4458	F405ZGT6_PWM_test.elf
Finished building: default.size.stdout
 
Finished building: F405ZGT6_PWM_test.list
 
10:22:52 **** Incremental Build of configuration Debug for project F405ZGT6_PWM_test ****
make -j4 all 
arm-none-eabi-gcc "../Core/Src/main.c" -mcpu=cortex-m4 -std=gnu11 -g3 -DDEBUG -DUSE_HAL_DRIVER -DSTM32F405xx -c -I../Core/Inc -I../Drivers/STM32F4xx_HAL_Driver/Inc -I../Drivers/STM32F4xx_HAL_Driver/Inc/Legacy -I../Drivers/CMSIS/Device/ST/STM32F4xx/Include -I../Drivers/CMSIS/Include -O0 -ffunction-sections -fdata-sections -Wall -fstack-usage -fcyclomatic-complexity -MMD -MP -MF"Core/Src/main.d" -MT"Core/Src/main.o" --specs=nano.specs -mfpu=fpv4-sp-d16 -mfloat-abi=hard -mthumb -o "Core/Src/main.o"
arm-none-eabi-gcc -o "F405ZGT6_PWM_test.elf" @"objects.list"   -mcpu=cortex-m4 -T"C:\Users\RND_220516\Documents\STM32\F405ZGT6_PWM_test\STM32F405ZGTX_FLASH.ld" --specs=nosys.specs -Wl,-Map="F405ZGT6_PWM_test.map" -Wl,--gc-sections -static --specs=nano.specs -mfpu=fpv4-sp-d16 -mfloat-abi=hard -mthumb -Wl,--start-group -lc -lm -Wl,--end-group
Finished building target: F405ZGT6_PWM_test.elf
 
arm-none-eabi-size  F405ZGT6_PWM_test.elf 
arm-none-eabi-objdump -h -S F405ZGT6_PWM_test.elf  > "F405ZGT6_PWM_test.list"
   text	   data	    bss	    dec	    hex	filename
  15588	     12	   1900	  17500	   445c	F405ZGT6_PWM_test.elf
Finished building: default.size.stdout
 
Finished building: F405ZGT6_PWM_test.list
 
10:24:13 **** Incremental Build of configuration Debug for project F405ZGT6_PWM_test ****
make -j4 all 
arm-none-eabi-gcc "../Core/Src/main.c" -mcpu=cortex-m4 -std=gnu11 -g3 -DDEBUG -DUSE_HAL_DRIVER -DSTM32F405xx -c -I../Core/Inc -I../Drivers/STM32F4xx_HAL_Driver/Inc -I../Drivers/STM32F4xx_HAL_Driver/Inc/Legacy -I../Drivers/CMSIS/Device/ST/STM32F4xx/Include -I../Drivers/CMSIS/Include -O0 -ffunction-sections -fdata-sections -Wall -fstack-usage -fcyclomatic-complexity -MMD -MP -MF"Core/Src/main.d" -MT"Core/Src/main.o" --specs=nano.specs -mfpu=fpv4-sp-d16 -mfloat-abi=hard -mthumb -o "Core/Src/main.o"
arm-none-eabi-gcc -o "F405ZGT6_PWM_test.elf" @"objects.list"   -mcpu=cortex-m4 -T"C:\Users\RND_220516\Documents\STM32\F405ZGT6_PWM_test\STM32F405ZGTX_FLASH.ld" --specs=nosys.specs -Wl,-Map="F405ZGT6_PWM_test.map" -Wl,--gc-sections -static --specs=nano.specs -mfpu=fpv4-sp-d16 -mfloat-abi=hard -mthumb -Wl,--start-group -lc -lm -Wl,--end-group
Finished building target: F405ZGT6_PWM_test.elf
 
arm-none-eabi-size  F405ZGT6_PWM_test.elf 
arm-none-eabi-objdump -h -S F405ZGT6_PWM_test.elf  > "F405ZGT6_PWM_test.list"
   text	   data	    bss	    dec	    hex	filename
  15588	     12	   1900	  17500	   445c	F405ZGT6_PWM_test.elf
Finished building: default.size.stdout
 
Finished building: F405ZGT6_PWM_test.list
 
10:26:35 **** Incremental Build of configuration Debug for project F405ZGT6_PWM_test ****
make -j4 all 
arm-none-eabi-gcc "../Core/Src/main.c" -mcpu=cortex-m4 -std=gnu11 -g3 -DDEBUG -DUSE_HAL_DRIVER -DSTM32F405xx -c -I../Core/Inc -I../Drivers/STM32F4xx_HAL_Driver/Inc -I../Drivers/STM32F4xx_HAL_Driver/Inc/Legacy -I../Drivers/CMSIS/Device/ST/STM32F4xx/Include -I../Drivers/CMSIS/Include -O0 -ffunction-sections -fdata-sections -Wall -fstack-usage -fcyclomatic-complexity -MMD -MP -MF"Core/Src/main.d" -MT"Core/Src/main.o" --specs=nano.specs -mfpu=fpv4-sp-d16 -mfloat-abi=hard -mthumb -o "Core/Src/main.o"
arm-none-eabi-gcc -o "F405ZGT6_PWM_test.elf" @"objects.list"   -mcpu=cortex-m4 -T"C:\Users\RND_220516\Documents\STM32\F405ZGT6_PWM_test\STM32F405ZGTX_FLASH.ld" --specs=nosys.specs -Wl,-Map="F405ZGT6_PWM_test.map" -Wl,--gc-sections -static --specs=nano.specs -mfpu=fpv4-sp-d16 -mfloat-abi=hard -mthumb -Wl,--start-group -lc -lm -Wl,--end-group
Finished building target: F405ZGT6_PWM_test.elf
 
arm-none-eabi-size  F405ZGT6_PWM_test.elf 
arm-none-eabi-objdump -h -S F405ZGT6_PWM_test.elf  > "F405ZGT6_PWM_test.list"
   text	   data	    bss	    dec	    hex	filename
  15596	     12	   1900	  17508	   4464	F405ZGT6_PWM_test.elf
Finished building: default.size.stdout
 
Finished building: F405ZGT6_PWM_test.list
 
10:28:25 **** Incremental Build of configuration Debug for project F405ZGT6_PWM_test ****
make -j4 all 
arm-none-eabi-gcc "../Core/Src/main.c" -mcpu=cortex-m4 -std=gnu11 -g3 -DDEBUG -DUSE_HAL_DRIVER -DSTM32F405xx -c -I../Core/Inc -I../Drivers/STM32F4xx_HAL_Driver/Inc -I../Drivers/STM32F4xx_HAL_Driver/Inc/Legacy -I../Drivers/CMSIS/Device/ST/STM32F4xx/Include -I../Drivers/CMSIS/Include -O0 -ffunction-sections -fdata-sections -Wall -fstack-usage -fcyclomatic-complexity -MMD -MP -MF"Core/Src/main.d" -MT"Core/Src/main.o" --specs=nano.specs -mfpu=fpv4-sp-d16 -mfloat-abi=hard -mthumb -o "Core/Src/main.o"
arm-none-eabi-gcc -o "F405ZGT6_PWM_test.elf" @"objects.list"   -mcpu=cortex-m4 -T"C:\Users\RND_220516\Documents\STM32\F405ZGT6_PWM_test\STM32F405ZGTX_FLASH.ld" --specs=nosys.specs -Wl,-Map="F405ZGT6_PWM_test.map" -Wl,--gc-sections -static --specs=nano.specs -mfpu=fpv4-sp-d16 -mfloat-abi=hard -mthumb -Wl,--start-group -lc -lm -Wl,--end-group
Finished building target: F405ZGT6_PWM_test.elf
 
arm-none-eabi-size  F405ZGT6_PWM_test.elf 
arm-none-eabi-objdump -h -S F405ZGT6_PWM_test.elf  > "F405ZGT6_PWM_test.list"
   text	   data	    bss	    dec	    hex	filename
  15588	     12	   1900	  17500	   445c	F405ZGT6_PWM_test.elf
Finished building: default.size.stdout
 
Finished building: F405ZGT6_PWM_test.list
 
10:30:14 **** Incremental Build of configuration Debug for project F405ZGT6_PWM_test ****
make -j4 all 
arm-none-eabi-gcc "../Core/Src/main.c" -mcpu=cortex-m4 -std=gnu11 -g3 -DDEBUG -DUSE_HAL_DRIVER -DSTM32F405xx -c -I../Core/Inc -I../Drivers/STM32F4xx_HAL_Driver/Inc -I../Drivers/STM32F4xx_HAL_Driver/Inc/Legacy -I../Drivers/CMSIS/Device/ST/STM32F4xx/Include -I../Drivers/CMSIS/Include -O0 -ffunction-sections -fdata-sections -Wall -fstack-usage -fcyclomatic-complexity -MMD -MP -MF"Core/Src/main.d" -MT"Core/Src/main.o" --specs=nano.specs -mfpu=fpv4-sp-d16 -mfloat-abi=hard -mthumb -o "Core/Src/main.o"
arm-none-eabi-gcc -o "F405ZGT6_PWM_test.elf" @"objects.list"   -mcpu=cortex-m4 -T"C:\Users\RND_220516\Documents\STM32\F405ZGT6_PWM_test\STM32F405ZGTX_FLASH.ld" --specs=nosys.specs -Wl,-Map="F405ZGT6_PWM_test.map" -Wl,--gc-sections -static --specs=nano.specs -mfpu=fpv4-sp-d16 -mfloat-abi=hard -mthumb -Wl,--start-group -lc -lm -Wl,--end-group
Finished building target: F405ZGT6_PWM_test.elf
 
arm-none-eabi-size  F405ZGT6_PWM_test.elf 
arm-none-eabi-objdump -h -S F405ZGT6_PWM_test.elf  > "F405ZGT6_PWM_test.list"
   text	   data	    bss	    dec	    hex	filename
  15588	     16	   1896	  17500	   445c	F405ZGT6_PWM_test.elf
Finished building: default.size.stdout
 
Finished building: F405ZGT6_PWM_test.list
 
10:30:48 **** Incremental Build of configuration Debug for project F405ZGT6_PWM_test ****
make -j4 all 
arm-none-eabi-gcc "../Core/Src/main.c" -mcpu=cortex-m4 -std=gnu11 -g3 -DDEBUG -DUSE_HAL_DRIVER -DSTM32F405xx -c -I../Core/Inc -I../Drivers/STM32F4xx_HAL_Driver/Inc -I../Drivers/STM32F4xx_HAL_Driver/Inc/Legacy -I../Drivers/CMSIS/Device/ST/STM32F4xx/Include -I../Drivers/CMSIS/Include -O0 -ffunction-sections -fdata-sections -Wall -fstack-usage -fcyclomatic-complexity -MMD -MP -MF"Core/Src/main.d" -MT"Core/Src/main.o" --specs=nano.specs -mfpu=fpv4-sp-d16 -mfloat-abi=hard -mthumb -o "Core/Src/main.o"
arm-none-eabi-gcc -o "F405ZGT6_PWM_test.elf" @"objects.list"   -mcpu=cortex-m4 -T"C:\Users\RND_220516\Documents\STM32\F405ZGT6_PWM_test\STM32F405ZGTX_FLASH.ld" --specs=nosys.specs -Wl,-Map="F405ZGT6_PWM_test.map" -Wl,--gc-sections -static --specs=nano.specs -mfpu=fpv4-sp-d16 -mfloat-abi=hard -mthumb -Wl,--start-group -lc -lm -Wl,--end-group
Finished building target: F405ZGT6_PWM_test.elf
 
arm-none-eabi-size  F405ZGT6_PWM_test.elf 
arm-none-eabi-objdump -h -S F405ZGT6_PWM_test.elf  > "F405ZGT6_PWM_test.list"
   text	   data	    bss	    dec	    hex	filename
  15588	     16	   1896	  17500	   445c	F405ZGT6_PWM_test.elf
Finished building: default.size.stdout
 
Finished building: F405ZGT6_PWM_test.list
 
10:32:14 **** Incremental Build of configuration Debug for project F405ZGT6_PWM_test ****
make -j4 all 
arm-none-eabi-gcc "../Core/Src/main.c" -mcpu=cortex-m4 -std=gnu11 -g3 -DDEBUG -DUSE_HAL_DRIVER -DSTM32F405xx -c -I../Core/Inc -I../Drivers/STM32F4xx_HAL_Driver/Inc -I../Drivers/STM32F4xx_HAL_Driver/Inc/Legacy -I../Drivers/CMSIS/Device/ST/STM32F4xx/Include -I../Drivers/CMSIS/Include -O0 -ffunction-sections -fdata-sections -Wall -fstack-usage -fcyclomatic-complexity -MMD -MP -MF"Core/Src/main.d" -MT"Core/Src/main.o" --specs=nano.specs -mfpu=fpv4-sp-d16 -mfloat-abi=hard -mthumb -o "Core/Src/main.o"
arm-none-eabi-gcc -o "F405ZGT6_PWM_test.elf" @"objects.list"   -mcpu=cortex-m4 -T"C:\Users\RND_220516\Documents\STM32\F405ZGT6_PWM_test\STM32F405ZGTX_FLASH.ld" --specs=nosys.specs -Wl,-Map="F405ZGT6_PWM_test.map" -Wl,--gc-sections -static --specs=nano.specs -mfpu=fpv4-sp-d16 -mfloat-abi=hard -mthumb -Wl,--start-group -lc -lm -Wl,--end-group
Finished building target: F405ZGT6_PWM_test.elf
 
arm-none-eabi-size  F405ZGT6_PWM_test.elf 
arm-none-eabi-objdump -h -S F405ZGT6_PWM_test.elf  > "F405ZGT6_PWM_test.list"
   text	   data	    bss	    dec	    hex	filename
  15544	     12	   1900	  17456	   4430	F405ZGT6_PWM_test.elf
Finished building: default.size.stdout
 
Finished building: F405ZGT6_PWM_test.list
 
10:35:50 **** Incremental Build of configuration Debug for project F405ZGT6_PWM_test ****
make -j4 all 
arm-none-eabi-gcc "../Core/Src/main.c" -mcpu=cortex-m4 -std=gnu11 -g3 -DDEBUG -DUSE_HAL_DRIVER -DSTM32F405xx -c -I../Core/Inc -I../Drivers/STM32F4xx_HAL_Driver/Inc -I../Drivers/STM32F4xx_HAL_Driver/Inc/Legacy -I../Drivers/CMSIS/Device/ST/STM32F4xx/Include -I../Drivers/CMSIS/Include -O0 -ffunction-sections -fdata-sections -Wall -fstack-usage -fcyclomatic-complexity -MMD -MP -MF"Core/Src/main.d" -MT"Core/Src/main.o" --specs=nano.specs -mfpu=fpv4-sp-d16 -mfloat-abi=hard -mthumb -o "Core/Src/main.o"
arm-none-eabi-gcc -o "F405ZGT6_PWM_test.elf" @"objects.list"   -mcpu=cortex-m4 -T"C:\Users\RND_220516\Documents\STM32\F405ZGT6_PWM_test\STM32F405ZGTX_FLASH.ld" --specs=nosys.specs -Wl,-Map="F405ZGT6_PWM_test.map" -Wl,--gc-sections -static --specs=nano.specs -mfpu=fpv4-sp-d16 -mfloat-abi=hard -mthumb -Wl,--start-group -lc -lm -Wl,--end-group
Finished building target: F405ZGT6_PWM_test.elf
 
arm-none-eabi-size  F405ZGT6_PWM_test.elf 
arm-none-eabi-objdump -h -S F405ZGT6_PWM_test.elf  > "F405ZGT6_PWM_test.list"
   text	   data	    bss	    dec	    hex	filename
  15544	     12	   1900	  17456	   4430	F405ZGT6_PWM_test.elf
Finished building: default.size.stdout
 
Finished building: F405ZGT6_PWM_test.list
 
10:37:02 **** Incremental Build of configuration Debug for project F405ZGT6_PWM_test ****
make -j4 all 
arm-none-eabi-gcc "../Core/Src/main.c" -mcpu=cortex-m4 -std=gnu11 -g3 -DDEBUG -DUSE_HAL_DRIVER -DSTM32F405xx -c -I../Core/Inc -I../Drivers/STM32F4xx_HAL_Driver/Inc -I../Drivers/STM32F4xx_HAL_Driver/Inc/Legacy -I../Drivers/CMSIS/Device/ST/STM32F4xx/Include -I../Drivers/CMSIS/Include -O0 -ffunction-sections -fdata-sections -Wall -fstack-usage -fcyclomatic-complexity -MMD -MP -MF"Core/Src/main.d" -MT"Core/Src/main.o" --specs=nano.specs -mfpu=fpv4-sp-d16 -mfloat-abi=hard -mthumb -o "Core/Src/main.o"
arm-none-eabi-gcc -o "F405ZGT6_PWM_test.elf" @"objects.list"   -mcpu=cortex-m4 -T"C:\Users\RND_220516\Documents\STM32\F405ZGT6_PWM_test\STM32F405ZGTX_FLASH.ld" --specs=nosys.specs -Wl,-Map="F405ZGT6_PWM_test.map" -Wl,--gc-sections -static --specs=nano.specs -mfpu=fpv4-sp-d16 -mfloat-abi=hard -mthumb -Wl,--start-group -lc -lm -Wl,--end-group
Finished building target: F405ZGT6_PWM_test.elf
 
arm-none-eabi-size  F405ZGT6_PWM_test.elf 
arm-none-eabi-objdump -h -S F405ZGT6_PWM_test.elf  > "F405ZGT6_PWM_test.list"
   text	   data	    bss	    dec	    hex	filename
  15540	     12	   1900	  17452	   442c	F405ZGT6_PWM_test.elf
Finished building: default.size.stdout
 
Finished building: F405ZGT6_PWM_test.list
 
10:38:07 **** Incremental Build of configuration Debug for project F405ZGT6_PWM_test ****
make -j4 all 
arm-none-eabi-gcc "../Core/Src/main.c" -mcpu=cortex-m4 -std=gnu11 -g3 -DDEBUG -DUSE_HAL_DRIVER -DSTM32F405xx -c -I../Core/Inc -I../Drivers/STM32F4xx_HAL_Driver/Inc -I../Drivers/STM32F4xx_HAL_Driver/Inc/Legacy -I../Drivers/CMSIS/Device/ST/STM32F4xx/Include -I../Drivers/CMSIS/Include -O0 -ffunction-sections -fdata-sections -Wall -fstack-usage -fcyclomatic-complexity -MMD -MP -MF"Core/Src/main.d" -MT"Core/Src/main.o" --specs=nano.specs -mfpu=fpv4-sp-d16 -mfloat-abi=hard -mthumb -o "Core/Src/main.o"
arm-none-eabi-gcc -o "F405ZGT6_PWM_test.elf" @"objects.list"   -mcpu=cortex-m4 -T"C:\Users\RND_220516\Documents\STM32\F405ZGT6_PWM_test\STM32F405ZGTX_FLASH.ld" --specs=nosys.specs -Wl,-Map="F405ZGT6_PWM_test.map" -Wl,--gc-sections -static --specs=nano.specs -mfpu=fpv4-sp-d16 -mfloat-abi=hard -mthumb -Wl,--start-group -lc -lm -Wl,--end-group
Finished building target: F405ZGT6_PWM_test.elf
 
arm-none-eabi-size  F405ZGT6_PWM_test.elf 
arm-none-eabi-objdump -h -S F405ZGT6_PWM_test.elf  > "F405ZGT6_PWM_test.list"
   text	   data	    bss	    dec	    hex	filename
  15540	     12	   1900	  17452	   442c	F405ZGT6_PWM_test.elf
Finished building: default.size.stdout
 
Finished building: F405ZGT6_PWM_test.list
 
10:40:05 **** Incremental Build of configuration Debug for project F405ZGT6_PWM_test ****
make -j4 all 
arm-none-eabi-gcc "../Core/Src/main.c" -mcpu=cortex-m4 -std=gnu11 -g3 -DDEBUG -DUSE_HAL_DRIVER -DSTM32F405xx -c -I../Core/Inc -I../Drivers/STM32F4xx_HAL_Driver/Inc -I../Drivers/STM32F4xx_HAL_Driver/Inc/Legacy -I../Drivers/CMSIS/Device/ST/STM32F4xx/Include -I../Drivers/CMSIS/Include -O0 -ffunction-sections -fdata-sections -Wall -fstack-usage -fcyclomatic-complexity -MMD -MP -MF"Core/Src/main.d" -MT"Core/Src/main.o" --specs=nano.specs -mfpu=fpv4-sp-d16 -mfloat-abi=hard -mthumb -o "Core/Src/main.o"
arm-none-eabi-gcc -o "F405ZGT6_PWM_test.elf" @"objects.list"   -mcpu=cortex-m4 -T"C:\Users\RND_220516\Documents\STM32\F405ZGT6_PWM_test\STM32F405ZGTX_FLASH.ld" --specs=nosys.specs -Wl,-Map="F405ZGT6_PWM_test.map" -Wl,--gc-sections -static --specs=nano.specs -mfpu=fpv4-sp-d16 -mfloat-abi=hard -mthumb -Wl,--start-group -lc -lm -Wl,--end-group
Finished building target: F405ZGT6_PWM_test.elf
 
arm-none-eabi-size  F405ZGT6_PWM_test.elf 
arm-none-eabi-objdump -h -S F405ZGT6_PWM_test.elf  > "F405ZGT6_PWM_test.list"
   text	   data	    bss	    dec	    hex	filename
  15540	     12	   1900	  17452	   442c	F405ZGT6_PWM_test.elf
Finished building: default.size.stdout
 
Finished building: F405ZGT6_PWM_test.list
 
10:40:58 **** Incremental Build of configuration Debug for project F405ZGT6_PWM_test ****
make -j4 all 
arm-none-eabi-gcc "../Core/Src/main.c" -mcpu=cortex-m4 -std=gnu11 -g3 -DDEBUG -DUSE_HAL_DRIVER -DSTM32F405xx -c -I../Core/Inc -I../Drivers/STM32F4xx_HAL_Driver/Inc -I../Drivers/STM32F4xx_HAL_Driver/Inc/Legacy -I../Drivers/CMSIS/Device/ST/STM32F4xx/Include -I../Drivers/CMSIS/Include -O0 -ffunction-sections -fdata-sections -Wall -fstack-usage -fcyclomatic-complexity -MMD -MP -MF"Core/Src/main.d" -MT"Core/Src/main.o" --specs=nano.specs -mfpu=fpv4-sp-d16 -mfloat-abi=hard -mthumb -o "Core/Src/main.o"
arm-none-eabi-gcc -o "F405ZGT6_PWM_test.elf" @"objects.list"   -mcpu=cortex-m4 -T"C:\Users\RND_220516\Documents\STM32\F405ZGT6_PWM_test\STM32F405ZGTX_FLASH.ld" --specs=nosys.specs -Wl,-Map="F405ZGT6_PWM_test.map" -Wl,--gc-sections -static --specs=nano.specs -mfpu=fpv4-sp-d16 -mfloat-abi=hard -mthumb -Wl,--start-group -lc -lm -Wl,--end-group
Finished building target: F405ZGT6_PWM_test.elf
 
arm-none-eabi-size  F405ZGT6_PWM_test.elf 
arm-none-eabi-objdump -h -S F405ZGT6_PWM_test.elf  > "F405ZGT6_PWM_test.list"
   text	   data	    bss	    dec	    hex	filename
  15544	     12	   1900	  17456	   4430	F405ZGT6_PWM_test.elf
Finished building: default.size.stdout
 
Finished building: F405ZGT6_PWM_test.list
 
10:41:52 **** Incremental Build of configuration Debug for project F405ZGT6_PWM_test ****
make -j4 all 
arm-none-eabi-gcc "../Core/Src/main.c" -mcpu=cortex-m4 -std=gnu11 -g3 -DDEBUG -DUSE_HAL_DRIVER -DSTM32F405xx -c -I../Core/Inc -I../Drivers/STM32F4xx_HAL_Driver/Inc -I../Drivers/STM32F4xx_HAL_Driver/Inc/Legacy -I../Drivers/CMSIS/Device/ST/STM32F4xx/Include -I../Drivers/CMSIS/Include -O0 -ffunction-sections -fdata-sections -Wall -fstack-usage -fcyclomatic-complexity -MMD -MP -MF"Core/Src/main.d" -MT"Core/Src/main.o" --specs=nano.specs -mfpu=fpv4-sp-d16 -mfloat-abi=hard -mthumb -o "Core/Src/main.o"
arm-none-eabi-gcc -o "F405ZGT6_PWM_test.elf" @"objects.list"   -mcpu=cortex-m4 -T"C:\Users\RND_220516\Documents\STM32\F405ZGT6_PWM_test\STM32F405ZGTX_FLASH.ld" --specs=nosys.specs -Wl,-Map="F405ZGT6_PWM_test.map" -Wl,--gc-sections -static --specs=nano.specs -mfpu=fpv4-sp-d16 -mfloat-abi=hard -mthumb -Wl,--start-group -lc -lm -Wl,--end-group
Finished building target: F405ZGT6_PWM_test.elf
 
arm-none-eabi-size  F405ZGT6_PWM_test.elf 
arm-none-eabi-objdump -h -S F405ZGT6_PWM_test.elf  > "F405ZGT6_PWM_test.list"
   text	   data	    bss	    dec	    hex	filename
  15544	     12	   1900	  17456	   4430	F405ZGT6_PWM_test.elf
Finished building: default.size.stdout
 
Finished building: F405ZGT6_PWM_test.list
 
10:48:19 **** Incremental Build of configuration Debug for project F405ZGT6_PWM_test ****
make -j4 all 
arm-none-eabi-gcc "../Core/Src/main.c" -mcpu=cortex-m4 -std=gnu11 -g3 -DDEBUG -DUSE_HAL_DRIVER -DSTM32F405xx -c -I../Core/Inc -I../Drivers/STM32F4xx_HAL_Driver/Inc -I../Drivers/STM32F4xx_HAL_Driver/Inc/Legacy -I../Drivers/CMSIS/Device/ST/STM32F4xx/Include -I../Drivers/CMSIS/Include -O0 -ffunction-sections -fdata-sections -Wall -fstack-usage -fcyclomatic-complexity -MMD -MP -MF"Core/Src/main.d" -MT"Core/Src/main.o" --specs=nano.specs -mfpu=fpv4-sp-d16 -mfloat-abi=hard -mthumb -o "Core/Src/main.o"
arm-none-eabi-gcc -o "F405ZGT6_PWM_test.elf" @"objects.list"   -mcpu=cortex-m4 -T"C:\Users\RND_220516\Documents\STM32\F405ZGT6_PWM_test\STM32F405ZGTX_FLASH.ld" --specs=nosys.specs -Wl,-Map="F405ZGT6_PWM_test.map" -Wl,--gc-sections -static --specs=nano.specs -mfpu=fpv4-sp-d16 -mfloat-abi=hard -mthumb -Wl,--start-group -lc -lm -Wl,--end-group
Finished building target: F405ZGT6_PWM_test.elf
 
arm-none-eabi-size  F405ZGT6_PWM_test.elf 
arm-none-eabi-objdump -h -S F405ZGT6_PWM_test.elf  > "F405ZGT6_PWM_test.list"
   text	   data	    bss	    dec	    hex	filename
  15544	     12	   1900	  17456	   4430	F405ZGT6_PWM_test.elf
Finished building: default.size.stdout
 
Finished building: F405ZGT6_PWM_test.list
 
10:51:33 **** Incremental Build of configuration Debug for project F405ZGT6_PWM_test ****
make -j4 all 
arm-none-eabi-gcc "../Core/Src/main.c" -mcpu=cortex-m4 -std=gnu11 -g3 -DDEBUG -DUSE_HAL_DRIVER -DSTM32F405xx -c -I../Core/Inc -I../Drivers/STM32F4xx_HAL_Driver/Inc -I../Drivers/STM32F4xx_HAL_Driver/Inc/Legacy -I../Drivers/CMSIS/Device/ST/STM32F4xx/Include -I../Drivers/CMSIS/Include -O0 -ffunction-sections -fdata-sections -Wall -fstack-usage -fcyclomatic-complexity -MMD -MP -MF"Core/Src/main.d" -MT"Core/Src/main.o" --specs=nano.specs -mfpu=fpv4-sp-d16 -mfloat-abi=hard -mthumb -o "Core/Src/main.o"
arm-none-eabi-gcc -o "F405ZGT6_PWM_test.elf" @"objects.list"   -mcpu=cortex-m4 -T"C:\Users\RND_220516\Documents\STM32\F405ZGT6_PWM_test\STM32F405ZGTX_FLASH.ld" --specs=nosys.specs -Wl,-Map="F405ZGT6_PWM_test.map" -Wl,--gc-sections -static --specs=nano.specs -mfpu=fpv4-sp-d16 -mfloat-abi=hard -mthumb -Wl,--start-group -lc -lm -Wl,--end-group
Finished building target: F405ZGT6_PWM_test.elf
 
arm-none-eabi-size  F405ZGT6_PWM_test.elf 
arm-none-eabi-objdump -h -S F405ZGT6_PWM_test.elf  > "F405ZGT6_PWM_test.list"
   text	   data	    bss	    dec	    hex	filename
  15568	     12	   1900	  17480	   4448	F405ZGT6_PWM_test.elf
Finished building: default.size.stdout
 
Finished building: F405ZGT6_PWM_test.list
 
11:18:18 **** Incremental Build of configuration Debug for project F405ZGT6_PWM_test ****
make -j4 all 
arm-none-eabi-gcc "../Core/Src/main.c" -mcpu=cortex-m4 -std=gnu11 -g3 -DDEBUG -DUSE_HAL_DRIVER -DSTM32F405xx -c -I../Core/Inc -I../Drivers/STM32F4xx_HAL_Driver/Inc -I../Drivers/STM32F4xx_HAL_Driver/Inc/Legacy -I../Drivers/CMSIS/Device/ST/STM32F4xx/Include -I../Drivers/CMSIS/Include -O0 -ffunction-sections -fdata-sections -Wall -fstack-usage -fcyclomatic-complexity -MMD -MP -MF"Core/Src/main.d" -MT"Core/Src/main.o" --specs=nano.specs -mfpu=fpv4-sp-d16 -mfloat-abi=hard -mthumb -o "Core/Src/main.o"
arm-none-eabi-gcc -o "F405ZGT6_PWM_test.elf" @"objects.list"   -mcpu=cortex-m4 -T"C:\Users\RND_220516\Documents\STM32\F405ZGT6_PWM_test\STM32F405ZGTX_FLASH.ld" --specs=nosys.specs -Wl,-Map="F405ZGT6_PWM_test.map" -Wl,--gc-sections -static --specs=nano.specs -mfpu=fpv4-sp-d16 -mfloat-abi=hard -mthumb -Wl,--start-group -lc -lm -Wl,--end-group
Finished building target: F405ZGT6_PWM_test.elf
 
arm-none-eabi-size  F405ZGT6_PWM_test.elf 
arm-none-eabi-objdump -h -S F405ZGT6_PWM_test.elf  > "F405ZGT6_PWM_test.list"
   text	   data	    bss	    dec	    hex	filename
  15388	     16	   1896	  17300	   4394	F405ZGT6_PWM_test.elf
Finished building: default.size.stdout
 
Finished building: F405ZGT6_PWM_test.list
 
11:19:33 **** Incremental Build of configuration Debug for project F405ZGT6_PWM_test ****
make -j4 all 
arm-none-eabi-size  F405ZGT6_PWM_test.elf 
   text	   data	    bss	    dec	    hex	filename
  15388	     16	   1896	  17300	   4394	F405ZGT6_PWM_test.elf
Finished building: default.size.stdout
 
11:20:52 **** Incremental Build of configuration Debug for project F405ZGT6_PWM_test ****
make -j4 all 
arm-none-eabi-gcc "../Core/Src/main.c" -mcpu=cortex-m4 -std=gnu11 -g3 -DDEBUG -DUSE_HAL_DRIVER -DSTM32F405xx -c -I../Core/Inc -I../Drivers/STM32F4xx_HAL_Driver/Inc -I../Drivers/STM32F4xx_HAL_Driver/Inc/Legacy -I../Drivers/CMSIS/Device/ST/STM32F4xx/Include -I../Drivers/CMSIS/Include -O0 -ffunction-sections -fdata-sections -Wall -fstack-usage -fcyclomatic-complexity -MMD -MP -MF"Core/Src/main.d" -MT"Core/Src/main.o" --specs=nano.specs -mfpu=fpv4-sp-d16 -mfloat-abi=hard -mthumb -o "Core/Src/main.o"
arm-none-eabi-gcc -o "F405ZGT6_PWM_test.elf" @"objects.list"   -mcpu=cortex-m4 -T"C:\Users\RND_220516\Documents\STM32\F405ZGT6_PWM_test\STM32F405ZGTX_FLASH.ld" --specs=nosys.specs -Wl,-Map="F405ZGT6_PWM_test.map" -Wl,--gc-sections -static --specs=nano.specs -mfpu=fpv4-sp-d16 -mfloat-abi=hard -mthumb -Wl,--start-group -lc -lm -Wl,--end-group
Finished building target: F405ZGT6_PWM_test.elf
 
arm-none-eabi-size  F405ZGT6_PWM_test.elf 
arm-none-eabi-objdump -h -S F405ZGT6_PWM_test.elf  > "F405ZGT6_PWM_test.list"
   text	   data	    bss	    dec	    hex	filename
  15408	     16	   1896	  17320	   43a8	F405ZGT6_PWM_test.elf
Finished building: default.size.stdout
 
Finished building: F405ZGT6_PWM_test.list
 
11:27:23 **** Incremental Build of configuration Debug for project F405ZGT6_PWM_test ****
make -j4 all 
arm-none-eabi-gcc "../Core/Src/main.c" -mcpu=cortex-m4 -std=gnu11 -g3 -DDEBUG -DUSE_HAL_DRIVER -DSTM32F405xx -c -I../Core/Inc -I../Drivers/STM32F4xx_HAL_Driver/Inc -I../Drivers/STM32F4xx_HAL_Driver/Inc/Legacy -I../Drivers/CMSIS/Device/ST/STM32F4xx/Include -I../Drivers/CMSIS/Include -O0 -ffunction-sections -fdata-sections -Wall -fstack-usage -fcyclomatic-complexity -MMD -MP -MF"Core/Src/main.d" -MT"Core/Src/main.o" --specs=nano.specs -mfpu=fpv4-sp-d16 -mfloat-abi=hard -mthumb -o "Core/Src/main.o"
../Core/Src/main.c: In function 'main':
../Core/Src/main.c:122:26: error: invalid type argument of '->' (have 'TIM_HandleTypeDef')
  122 |                 if (htim5->State == HAL_TIM_STATE_BUSY)
      |                          ^~
make: *** [Core/Src/subdir.mk:34: Core/Src/main.o] Error 1
"make -j4 all" terminated with exit code 2. Build might be incomplete.
11:28:28 **** Incremental Build of configuration Debug for project F405ZGT6_PWM_test ****
make -j4 all 
arm-none-eabi-gcc "../Core/Src/main.c" -mcpu=cortex-m4 -std=gnu11 -g3 -DDEBUG -DUSE_HAL_DRIVER -DSTM32F405xx -c -I../Core/Inc -I../Drivers/STM32F4xx_HAL_Driver/Inc -I../Drivers/STM32F4xx_HAL_Driver/Inc/Legacy -I../Drivers/CMSIS/Device/ST/STM32F4xx/Include -I../Drivers/CMSIS/Include -O0 -ffunction-sections -fdata-sections -Wall -fstack-usage -fcyclomatic-complexity -MMD -MP -MF"Core/Src/main.d" -MT"Core/Src/main.o" --specs=nano.specs -mfpu=fpv4-sp-d16 -mfloat-abi=hard -mthumb -o "Core/Src/main.o"
arm-none-eabi-gcc -o "F405ZGT6_PWM_test.elf" @"objects.list"   -mcpu=cortex-m4 -T"C:\Users\RND_220516\Documents\STM32\F405ZGT6_PWM_test\STM32F405ZGTX_FLASH.ld" --specs=nosys.specs -Wl,-Map="F405ZGT6_PWM_test.map" -Wl,--gc-sections -static --specs=nano.specs -mfpu=fpv4-sp-d16 -mfloat-abi=hard -mthumb -Wl,--start-group -lc -lm -Wl,--end-group
Finished building target: F405ZGT6_PWM_test.elf
 
arm-none-eabi-size  F405ZGT6_PWM_test.elf 
arm-none-eabi-objdump -h -S F405ZGT6_PWM_test.elf  > "F405ZGT6_PWM_test.list"
   text	   data	    bss	    dec	    hex	filename
  15428	     16	   1896	  17340	   43bc	F405ZGT6_PWM_test.elf
Finished building: default.size.stdout
 
Finished building: F405ZGT6_PWM_test.list
 
11:29:24 **** Incremental Build of configuration Debug for project F405ZGT6_PWM_test ****
make -j4 all 
arm-none-eabi-gcc "../Core/Src/main.c" -mcpu=cortex-m4 -std=gnu11 -g3 -DDEBUG -DUSE_HAL_DRIVER -DSTM32F405xx -c -I../Core/Inc -I../Drivers/STM32F4xx_HAL_Driver/Inc -I../Drivers/STM32F4xx_HAL_Driver/Inc/Legacy -I../Drivers/CMSIS/Device/ST/STM32F4xx/Include -I../Drivers/CMSIS/Include -O0 -ffunction-sections -fdata-sections -Wall -fstack-usage -fcyclomatic-complexity -MMD -MP -MF"Core/Src/main.d" -MT"Core/Src/main.o" --specs=nano.specs -mfpu=fpv4-sp-d16 -mfloat-abi=hard -mthumb -o "Core/Src/main.o"
arm-none-eabi-gcc -o "F405ZGT6_PWM_test.elf" @"objects.list"   -mcpu=cortex-m4 -T"C:\Users\RND_220516\Documents\STM32\F405ZGT6_PWM_test\STM32F405ZGTX_FLASH.ld" --specs=nosys.specs -Wl,-Map="F405ZGT6_PWM_test.map" -Wl,--gc-sections -static --specs=nano.specs -mfpu=fpv4-sp-d16 -mfloat-abi=hard -mthumb -Wl,--start-group -lc -lm -Wl,--end-group
Finished building target: F405ZGT6_PWM_test.elf
 
arm-none-eabi-size  F405ZGT6_PWM_test.elf 
arm-none-eabi-objdump -h -S F405ZGT6_PWM_test.elf  > "F405ZGT6_PWM_test.list"
   text	   data	    bss	    dec	    hex	filename
  15428	     16	   1896	  17340	   43bc	F405ZGT6_PWM_test.elf
Finished building: default.size.stdout
 
Finished building: F405ZGT6_PWM_test.list
 
11:29:41 **** Incremental Build of configuration Debug for project F405ZGT6_PWM_test ****
make -j4 all 
arm-none-eabi-gcc "../Core/Src/main.c" -mcpu=cortex-m4 -std=gnu11 -g3 -DDEBUG -DUSE_HAL_DRIVER -DSTM32F405xx -c -I../Core/Inc -I../Drivers/STM32F4xx_HAL_Driver/Inc -I../Drivers/STM32F4xx_HAL_Driver/Inc/Legacy -I../Drivers/CMSIS/Device/ST/STM32F4xx/Include -I../Drivers/CMSIS/Include -O0 -ffunction-sections -fdata-sections -Wall -fstack-usage -fcyclomatic-complexity -MMD -MP -MF"Core/Src/main.d" -MT"Core/Src/main.o" --specs=nano.specs -mfpu=fpv4-sp-d16 -mfloat-abi=hard -mthumb -o "Core/Src/main.o"
arm-none-eabi-gcc -o "F405ZGT6_PWM_test.elf" @"objects.list"   -mcpu=cortex-m4 -T"C:\Users\RND_220516\Documents\STM32\F405ZGT6_PWM_test\STM32F405ZGTX_FLASH.ld" --specs=nosys.specs -Wl,-Map="F405ZGT6_PWM_test.map" -Wl,--gc-sections -static --specs=nano.specs -mfpu=fpv4-sp-d16 -mfloat-abi=hard -mthumb -Wl,--start-group -lc -lm -Wl,--end-group
Finished building target: F405ZGT6_PWM_test.elf
 
arm-none-eabi-size  F405ZGT6_PWM_test.elf 
arm-none-eabi-objdump -h -S F405ZGT6_PWM_test.elf  > "F405ZGT6_PWM_test.list"
   text	   data	    bss	    dec	    hex	filename
  15432	     16	   1896	  17344	   43c0	F405ZGT6_PWM_test.elf
Finished building: default.size.stdout
 
Finished building: F405ZGT6_PWM_test.list
 
11:30:56 **** Incremental Build of configuration Debug for project F405ZGT6_PWM_test ****
make -j4 all 
arm-none-eabi-gcc "../Core/Src/main.c" -mcpu=cortex-m4 -std=gnu11 -g3 -DDEBUG -DUSE_HAL_DRIVER -DSTM32F405xx -c -I../Core/Inc -I../Drivers/STM32F4xx_HAL_Driver/Inc -I../Drivers/STM32F4xx_HAL_Driver/Inc/Legacy -I../Drivers/CMSIS/Device/ST/STM32F4xx/Include -I../Drivers/CMSIS/Include -O0 -ffunction-sections -fdata-sections -Wall -fstack-usage -fcyclomatic-complexity -MMD -MP -MF"Core/Src/main.d" -MT"Core/Src/main.o" --specs=nano.specs -mfpu=fpv4-sp-d16 -mfloat-abi=hard -mthumb -o "Core/Src/main.o"
arm-none-eabi-gcc -o "F405ZGT6_PWM_test.elf" @"objects.list"   -mcpu=cortex-m4 -T"C:\Users\RND_220516\Documents\STM32\F405ZGT6_PWM_test\STM32F405ZGTX_FLASH.ld" --specs=nosys.specs -Wl,-Map="F405ZGT6_PWM_test.map" -Wl,--gc-sections -static --specs=nano.specs -mfpu=fpv4-sp-d16 -mfloat-abi=hard -mthumb -Wl,--start-group -lc -lm -Wl,--end-group
Finished building target: F405ZGT6_PWM_test.elf
 
arm-none-eabi-size  F405ZGT6_PWM_test.elf 
arm-none-eabi-objdump -h -S F405ZGT6_PWM_test.elf  > "F405ZGT6_PWM_test.list"
   text	   data	    bss	    dec	    hex	filename
  15408	     16	   1896	  17320	   43a8	F405ZGT6_PWM_test.elf
Finished building: default.size.stdout
 
Finished building: F405ZGT6_PWM_test.list
 
11:33:36 **** Incremental Build of configuration Debug for project F405ZGT6_PWM_test ****
make -j4 all 
arm-none-eabi-gcc "../Core/Src/main.c" -mcpu=cortex-m4 -std=gnu11 -g3 -DDEBUG -DUSE_HAL_DRIVER -DSTM32F405xx -c -I../Core/Inc -I../Drivers/STM32F4xx_HAL_Driver/Inc -I../Drivers/STM32F4xx_HAL_Driver/Inc/Legacy -I../Drivers/CMSIS/Device/ST/STM32F4xx/Include -I../Drivers/CMSIS/Include -O0 -ffunction-sections -fdata-sections -Wall -fstack-usage -fcyclomatic-complexity -MMD -MP -MF"Core/Src/main.d" -MT"Core/Src/main.o" --specs=nano.specs -mfpu=fpv4-sp-d16 -mfloat-abi=hard -mthumb -o "Core/Src/main.o"
arm-none-eabi-gcc -o "F405ZGT6_PWM_test.elf" @"objects.list"   -mcpu=cortex-m4 -T"C:\Users\RND_220516\Documents\STM32\F405ZGT6_PWM_test\STM32F405ZGTX_FLASH.ld" --specs=nosys.specs -Wl,-Map="F405ZGT6_PWM_test.map" -Wl,--gc-sections -static --specs=nano.specs -mfpu=fpv4-sp-d16 -mfloat-abi=hard -mthumb -Wl,--start-group -lc -lm -Wl,--end-group
Finished building target: F405ZGT6_PWM_test.elf
 
arm-none-eabi-size  F405ZGT6_PWM_test.elf 
arm-none-eabi-objdump -h -S F405ZGT6_PWM_test.elf  > "F405ZGT6_PWM_test.list"
   text	   data	    bss	    dec	    hex	filename
  15420	     16	   1896	  17332	   43b4	F405ZGT6_PWM_test.elf
Finished building: default.size.stdout
 
Finished building: F405ZGT6_PWM_test.list
 
11:35:04 **** Incremental Build of configuration Debug for project F405ZGT6_PWM_test ****
make -j4 all 
arm-none-eabi-gcc "../Core/Src/main.c" -mcpu=cortex-m4 -std=gnu11 -g3 -DDEBUG -DUSE_HAL_DRIVER -DSTM32F405xx -c -I../Core/Inc -I../Drivers/STM32F4xx_HAL_Driver/Inc -I../Drivers/STM32F4xx_HAL_Driver/Inc/Legacy -I../Drivers/CMSIS/Device/ST/STM32F4xx/Include -I../Drivers/CMSIS/Include -O0 -ffunction-sections -fdata-sections -Wall -fstack-usage -fcyclomatic-complexity -MMD -MP -MF"Core/Src/main.d" -MT"Core/Src/main.o" --specs=nano.specs -mfpu=fpv4-sp-d16 -mfloat-abi=hard -mthumb -o "Core/Src/main.o"
arm-none-eabi-gcc -o "F405ZGT6_PWM_test.elf" @"objects.list"   -mcpu=cortex-m4 -T"C:\Users\RND_220516\Documents\STM32\F405ZGT6_PWM_test\STM32F405ZGTX_FLASH.ld" --specs=nosys.specs -Wl,-Map="F405ZGT6_PWM_test.map" -Wl,--gc-sections -static --specs=nano.specs -mfpu=fpv4-sp-d16 -mfloat-abi=hard -mthumb -Wl,--start-group -lc -lm -Wl,--end-group
Finished building target: F405ZGT6_PWM_test.elf
 
arm-none-eabi-size  F405ZGT6_PWM_test.elf 
arm-none-eabi-objdump -h -S F405ZGT6_PWM_test.elf  > "F405ZGT6_PWM_test.list"
   text	   data	    bss	    dec	    hex	filename
  15428	     16	   1896	  17340	   43bc	F405ZGT6_PWM_test.elf
Finished building: default.size.stdout
 
Finished building: F405ZGT6_PWM_test.list
 
11:35:56 **** Incremental Build of configuration Debug for project F405ZGT6_PWM_test ****
make -j4 all 
arm-none-eabi-gcc "../Core/Src/main.c" -mcpu=cortex-m4 -std=gnu11 -g3 -DDEBUG -DUSE_HAL_DRIVER -DSTM32F405xx -c -I../Core/Inc -I../Drivers/STM32F4xx_HAL_Driver/Inc -I../Drivers/STM32F4xx_HAL_Driver/Inc/Legacy -I../Drivers/CMSIS/Device/ST/STM32F4xx/Include -I../Drivers/CMSIS/Include -O0 -ffunction-sections -fdata-sections -Wall -fstack-usage -fcyclomatic-complexity -MMD -MP -MF"Core/Src/main.d" -MT"Core/Src/main.o" --specs=nano.specs -mfpu=fpv4-sp-d16 -mfloat-abi=hard -mthumb -o "Core/Src/main.o"
arm-none-eabi-gcc -o "F405ZGT6_PWM_test.elf" @"objects.list"   -mcpu=cortex-m4 -T"C:\Users\RND_220516\Documents\STM32\F405ZGT6_PWM_test\STM32F405ZGTX_FLASH.ld" --specs=nosys.specs -Wl,-Map="F405ZGT6_PWM_test.map" -Wl,--gc-sections -static --specs=nano.specs -mfpu=fpv4-sp-d16 -mfloat-abi=hard -mthumb -Wl,--start-group -lc -lm -Wl,--end-group
Finished building target: F405ZGT6_PWM_test.elf
 
arm-none-eabi-size  F405ZGT6_PWM_test.elf 
arm-none-eabi-objdump -h -S F405ZGT6_PWM_test.elf  > "F405ZGT6_PWM_test.list"
   text	   data	    bss	    dec	    hex	filename
  15428	     16	   1896	  17340	   43bc	F405ZGT6_PWM_test.elf
Finished building: default.size.stdout
 
Finished building: F405ZGT6_PWM_test.list
 
11:37:40 **** Incremental Build of configuration Debug for project F405ZGT6_PWM_test ****
make -j4 all 
arm-none-eabi-gcc "../Core/Src/main.c" -mcpu=cortex-m4 -std=gnu11 -g3 -DDEBUG -DUSE_HAL_DRIVER -DSTM32F405xx -c -I../Core/Inc -I../Drivers/STM32F4xx_HAL_Driver/Inc -I../Drivers/STM32F4xx_HAL_Driver/Inc/Legacy -I../Drivers/CMSIS/Device/ST/STM32F4xx/Include -I../Drivers/CMSIS/Include -O0 -ffunction-sections -fdata-sections -Wall -fstack-usage -fcyclomatic-complexity -MMD -MP -MF"Core/Src/main.d" -MT"Core/Src/main.o" --specs=nano.specs -mfpu=fpv4-sp-d16 -mfloat-abi=hard -mthumb -o "Core/Src/main.o"
arm-none-eabi-gcc -o "F405ZGT6_PWM_test.elf" @"objects.list"   -mcpu=cortex-m4 -T"C:\Users\RND_220516\Documents\STM32\F405ZGT6_PWM_test\STM32F405ZGTX_FLASH.ld" --specs=nosys.specs -Wl,-Map="F405ZGT6_PWM_test.map" -Wl,--gc-sections -static --specs=nano.specs -mfpu=fpv4-sp-d16 -mfloat-abi=hard -mthumb -Wl,--start-group -lc -lm -Wl,--end-group
Finished building target: F405ZGT6_PWM_test.elf
 
arm-none-eabi-size  F405ZGT6_PWM_test.elf 
arm-none-eabi-objdump -h -S F405ZGT6_PWM_test.elf  > "F405ZGT6_PWM_test.list"
   text	   data	    bss	    dec	    hex	filename
  15428	     16	   1896	  17340	   43bc	F405ZGT6_PWM_test.elf
Finished building: default.size.stdout
 
Finished building: F405ZGT6_PWM_test.list
 
11:38:55 **** Incremental Build of configuration Debug for project F405ZGT6_PWM_test ****
make -j4 all 
arm-none-eabi-gcc "../Core/Src/main.c" -mcpu=cortex-m4 -std=gnu11 -g3 -DDEBUG -DUSE_HAL_DRIVER -DSTM32F405xx -c -I../Core/Inc -I../Drivers/STM32F4xx_HAL_Driver/Inc -I../Drivers/STM32F4xx_HAL_Driver/Inc/Legacy -I../Drivers/CMSIS/Device/ST/STM32F4xx/Include -I../Drivers/CMSIS/Include -O0 -ffunction-sections -fdata-sections -Wall -fstack-usage -fcyclomatic-complexity -MMD -MP -MF"Core/Src/main.d" -MT"Core/Src/main.o" --specs=nano.specs -mfpu=fpv4-sp-d16 -mfloat-abi=hard -mthumb -o "Core/Src/main.o"
arm-none-eabi-gcc -o "F405ZGT6_PWM_test.elf" @"objects.list"   -mcpu=cortex-m4 -T"C:\Users\RND_220516\Documents\STM32\F405ZGT6_PWM_test\STM32F405ZGTX_FLASH.ld" --specs=nosys.specs -Wl,-Map="F405ZGT6_PWM_test.map" -Wl,--gc-sections -static --specs=nano.specs -mfpu=fpv4-sp-d16 -mfloat-abi=hard -mthumb -Wl,--start-group -lc -lm -Wl,--end-group
Finished building target: F405ZGT6_PWM_test.elf
 
arm-none-eabi-size  F405ZGT6_PWM_test.elf 
arm-none-eabi-objdump -h -S F405ZGT6_PWM_test.elf  > "F405ZGT6_PWM_test.list"
   text	   data	    bss	    dec	    hex	filename
  15428	     16	   1896	  17340	   43bc	F405ZGT6_PWM_test.elf
Finished building: default.size.stdout
 
Finished building: F405ZGT6_PWM_test.list
 
13:04:39 **** Incremental Build of configuration Debug for project F405ZGT6_PWM_test ****
make -j4 all 
arm-none-eabi-gcc "../Core/Src/main.c" -mcpu=cortex-m4 -std=gnu11 -g3 -DDEBUG -DUSE_HAL_DRIVER -DSTM32F405xx -c -I../Core/Inc -I../Drivers/STM32F4xx_HAL_Driver/Inc -I../Drivers/STM32F4xx_HAL_Driver/Inc/Legacy -I../Drivers/CMSIS/Device/ST/STM32F4xx/Include -I../Drivers/CMSIS/Include -O0 -ffunction-sections -fdata-sections -Wall -fstack-usage -fcyclomatic-complexity -MMD -MP -MF"Core/Src/main.d" -MT"Core/Src/main.o" --specs=nano.specs -mfpu=fpv4-sp-d16 -mfloat-abi=hard -mthumb -o "Core/Src/main.o"
arm-none-eabi-gcc -o "F405ZGT6_PWM_test.elf" @"objects.list"   -mcpu=cortex-m4 -T"C:\Users\RND_220516\Documents\STM32\F405ZGT6_PWM_test\STM32F405ZGTX_FLASH.ld" --specs=nosys.specs -Wl,-Map="F405ZGT6_PWM_test.map" -Wl,--gc-sections -static --specs=nano.specs -mfpu=fpv4-sp-d16 -mfloat-abi=hard -mthumb -Wl,--start-group -lc -lm -Wl,--end-group
Finished building target: F405ZGT6_PWM_test.elf
 
arm-none-eabi-size  F405ZGT6_PWM_test.elf 
arm-none-eabi-objdump -h -S F405ZGT6_PWM_test.elf  > "F405ZGT6_PWM_test.list"
   text	   data	    bss	    dec	    hex	filename
  15428	     16	   1896	  17340	   43bc	F405ZGT6_PWM_test.elf
Finished building: default.size.stdout
 
Finished building: F405ZGT6_PWM_test.list
 
13:06:00 **** Incremental Build of configuration Debug for project F405ZGT6_PWM_test ****
make -j4 all 
arm-none-eabi-gcc "../Core/Src/main.c" -mcpu=cortex-m4 -std=gnu11 -g3 -DDEBUG -DUSE_HAL_DRIVER -DSTM32F405xx -c -I../Core/Inc -I../Drivers/STM32F4xx_HAL_Driver/Inc -I../Drivers/STM32F4xx_HAL_Driver/Inc/Legacy -I../Drivers/CMSIS/Device/ST/STM32F4xx/Include -I../Drivers/CMSIS/Include -O0 -ffunction-sections -fdata-sections -Wall -fstack-usage -fcyclomatic-complexity -MMD -MP -MF"Core/Src/main.d" -MT"Core/Src/main.o" --specs=nano.specs -mfpu=fpv4-sp-d16 -mfloat-abi=hard -mthumb -o "Core/Src/main.o"
arm-none-eabi-gcc -o "F405ZGT6_PWM_test.elf" @"objects.list"   -mcpu=cortex-m4 -T"C:\Users\RND_220516\Documents\STM32\F405ZGT6_PWM_test\STM32F405ZGTX_FLASH.ld" --specs=nosys.specs -Wl,-Map="F405ZGT6_PWM_test.map" -Wl,--gc-sections -static --specs=nano.specs -mfpu=fpv4-sp-d16 -mfloat-abi=hard -mthumb -Wl,--start-group -lc -lm -Wl,--end-group
Finished building target: F405ZGT6_PWM_test.elf
 
arm-none-eabi-size  F405ZGT6_PWM_test.elf 
arm-none-eabi-objdump -h -S F405ZGT6_PWM_test.elf  > "F405ZGT6_PWM_test.list"
   text	   data	    bss	    dec	    hex	filename
  15428	     16	   1896	  17340	   43bc	F405ZGT6_PWM_test.elf
Finished building: default.size.stdout
 
Finished building: F405ZGT6_PWM_test.list
 
13:09:58 **** Incremental Build of configuration Debug for project F405ZGT6_PWM_test ****
make -j4 all 
arm-none-eabi-gcc "../Core/Src/main.c" -mcpu=cortex-m4 -std=gnu11 -g3 -DDEBUG -DUSE_HAL_DRIVER -DSTM32F405xx -c -I../Core/Inc -I../Drivers/STM32F4xx_HAL_Driver/Inc -I../Drivers/STM32F4xx_HAL_Driver/Inc/Legacy -I../Drivers/CMSIS/Device/ST/STM32F4xx/Include -I../Drivers/CMSIS/Include -O0 -ffunction-sections -fdata-sections -Wall -fstack-usage -fcyclomatic-complexity -MMD -MP -MF"Core/Src/main.d" -MT"Core/Src/main.o" --specs=nano.specs -mfpu=fpv4-sp-d16 -mfloat-abi=hard -mthumb -o "Core/Src/main.o"
arm-none-eabi-gcc -o "F405ZGT6_PWM_test.elf" @"objects.list"   -mcpu=cortex-m4 -T"C:\Users\RND_220516\Documents\STM32\F405ZGT6_PWM_test\STM32F405ZGTX_FLASH.ld" --specs=nosys.specs -Wl,-Map="F405ZGT6_PWM_test.map" -Wl,--gc-sections -static --specs=nano.specs -mfpu=fpv4-sp-d16 -mfloat-abi=hard -mthumb -Wl,--start-group -lc -lm -Wl,--end-group
Finished building target: F405ZGT6_PWM_test.elf
 
arm-none-eabi-size  F405ZGT6_PWM_test.elf 
arm-none-eabi-objdump -h -S F405ZGT6_PWM_test.elf  > "F405ZGT6_PWM_test.list"
   text	   data	    bss	    dec	    hex	filename
  15440	     16	   1896	  17352	   43c8	F405ZGT6_PWM_test.elf
Finished building: default.size.stdout
 
Finished building: F405ZGT6_PWM_test.list
 
14:12:56 **** Incremental Build of configuration Debug for project F405ZGT6_PWM_test ****
make -j4 all 
arm-none-eabi-gcc "../Core/Src/main.c" -mcpu=cortex-m4 -std=gnu11 -g3 -DDEBUG -DUSE_HAL_DRIVER -DSTM32F405xx -c -I../Core/Inc -I../Drivers/STM32F4xx_HAL_Driver/Inc -I../Drivers/STM32F4xx_HAL_Driver/Inc/Legacy -I../Drivers/CMSIS/Device/ST/STM32F4xx/Include -I../Drivers/CMSIS/Include -O0 -ffunction-sections -fdata-sections -Wall -fstack-usage -fcyclomatic-complexity -MMD -MP -MF"Core/Src/main.d" -MT"Core/Src/main.o" --specs=nano.specs -mfpu=fpv4-sp-d16 -mfloat-abi=hard -mthumb -o "Core/Src/main.o"
arm-none-eabi-gcc -o "F405ZGT6_PWM_test.elf" @"objects.list"   -mcpu=cortex-m4 -T"C:\Users\RND_220516\Documents\STM32\F405ZGT6_PWM_test\STM32F405ZGTX_FLASH.ld" --specs=nosys.specs -Wl,-Map="F405ZGT6_PWM_test.map" -Wl,--gc-sections -static --specs=nano.specs -mfpu=fpv4-sp-d16 -mfloat-abi=hard -mthumb -Wl,--start-group -lc -lm -Wl,--end-group
Finished building target: F405ZGT6_PWM_test.elf
 
arm-none-eabi-size  F405ZGT6_PWM_test.elf 
arm-none-eabi-objdump -h -S F405ZGT6_PWM_test.elf  > "F405ZGT6_PWM_test.list"
   text	   data	    bss	    dec	    hex	filename
  15336	     12	   1900	  17248	   4360	F405ZGT6_PWM_test.elf
Finished building: default.size.stdout
 
Finished building: F405ZGT6_PWM_test.list
 
14:15:19 **** Incremental Build of configuration Debug for project F405ZGT6_PWM_test ****
make -j4 all 
arm-none-eabi-gcc "../Core/Src/main.c" -mcpu=cortex-m4 -std=gnu11 -g3 -DDEBUG -DUSE_HAL_DRIVER -DSTM32F405xx -c -I../Core/Inc -I../Drivers/STM32F4xx_HAL_Driver/Inc -I../Drivers/STM32F4xx_HAL_Driver/Inc/Legacy -I../Drivers/CMSIS/Device/ST/STM32F4xx/Include -I../Drivers/CMSIS/Include -O0 -ffunction-sections -fdata-sections -Wall -fstack-usage -fcyclomatic-complexity -MMD -MP -MF"Core/Src/main.d" -MT"Core/Src/main.o" --specs=nano.specs -mfpu=fpv4-sp-d16 -mfloat-abi=hard -mthumb -o "Core/Src/main.o"
../Core/Src/main.c: In function 'main':
../Core/Src/main.c:124:21: warning: suggest parentheses around assignment used as truth value [-Wparentheses]
  124 |                 if (arr = 0)
      |                     ^~~
arm-none-eabi-gcc -o "F405ZGT6_PWM_test.elf" @"objects.list"   -mcpu=cortex-m4 -T"C:\Users\RND_220516\Documents\STM32\F405ZGT6_PWM_test\STM32F405ZGTX_FLASH.ld" --specs=nosys.specs -Wl,-Map="F405ZGT6_PWM_test.map" -Wl,--gc-sections -static --specs=nano.specs -mfpu=fpv4-sp-d16 -mfloat-abi=hard -mthumb -Wl,--start-group -lc -lm -Wl,--end-group
Finished building target: F405ZGT6_PWM_test.elf
 
arm-none-eabi-size  F405ZGT6_PWM_test.elf 
arm-none-eabi-objdump -h -S F405ZGT6_PWM_test.elf  > "F405ZGT6_PWM_test.list"
   text	   data	    bss	    dec	    hex	filename
  15364	     16	   1896	  17276	   437c	F405ZGT6_PWM_test.elf
Finished building: default.size.stdout
 
Finished building: F405ZGT6_PWM_test.list
 
14:15:37 **** Incremental Build of configuration Debug for project F405ZGT6_PWM_test ****
make -j4 all 
arm-none-eabi-gcc "../Core/Src/main.c" -mcpu=cortex-m4 -std=gnu11 -g3 -DDEBUG -DUSE_HAL_DRIVER -DSTM32F405xx -c -I../Core/Inc -I../Drivers/STM32F4xx_HAL_Driver/Inc -I../Drivers/STM32F4xx_HAL_Driver/Inc/Legacy -I../Drivers/CMSIS/Device/ST/STM32F4xx/Include -I../Drivers/CMSIS/Include -O0 -ffunction-sections -fdata-sections -Wall -fstack-usage -fcyclomatic-complexity -MMD -MP -MF"Core/Src/main.d" -MT"Core/Src/main.o" --specs=nano.specs -mfpu=fpv4-sp-d16 -mfloat-abi=hard -mthumb -o "Core/Src/main.o"
arm-none-eabi-gcc -o "F405ZGT6_PWM_test.elf" @"objects.list"   -mcpu=cortex-m4 -T"C:\Users\RND_220516\Documents\STM32\F405ZGT6_PWM_test\STM32F405ZGTX_FLASH.ld" --specs=nosys.specs -Wl,-Map="F405ZGT6_PWM_test.map" -Wl,--gc-sections -static --specs=nano.specs -mfpu=fpv4-sp-d16 -mfloat-abi=hard -mthumb -Wl,--start-group -lc -lm -Wl,--end-group
Finished building target: F405ZGT6_PWM_test.elf
 
arm-none-eabi-size  F405ZGT6_PWM_test.elf 
arm-none-eabi-objdump -h -S F405ZGT6_PWM_test.elf  > "F405ZGT6_PWM_test.list"
   text	   data	    bss	    dec	    hex	filename
  15356	     16	   1896	  17268	   4374	F405ZGT6_PWM_test.elf
Finished building: default.size.stdout
 
Finished building: F405ZGT6_PWM_test.list
 
14:17:20 **** Incremental Build of configuration Debug for project F405ZGT6_PWM_test ****
make -j4 all 
arm-none-eabi-gcc "../Core/Src/main.c" -mcpu=cortex-m4 -std=gnu11 -g3 -DDEBUG -DUSE_HAL_DRIVER -DSTM32F405xx -c -I../Core/Inc -I../Drivers/STM32F4xx_HAL_Driver/Inc -I../Drivers/STM32F4xx_HAL_Driver/Inc/Legacy -I../Drivers/CMSIS/Device/ST/STM32F4xx/Include -I../Drivers/CMSIS/Include -O0 -ffunction-sections -fdata-sections -Wall -fstack-usage -fcyclomatic-complexity -MMD -MP -MF"Core/Src/main.d" -MT"Core/Src/main.o" --specs=nano.specs -mfpu=fpv4-sp-d16 -mfloat-abi=hard -mthumb -o "Core/Src/main.o"
arm-none-eabi-gcc -o "F405ZGT6_PWM_test.elf" @"objects.list"   -mcpu=cortex-m4 -T"C:\Users\RND_220516\Documents\STM32\F405ZGT6_PWM_test\STM32F405ZGTX_FLASH.ld" --specs=nosys.specs -Wl,-Map="F405ZGT6_PWM_test.map" -Wl,--gc-sections -static --specs=nano.specs -mfpu=fpv4-sp-d16 -mfloat-abi=hard -mthumb -Wl,--start-group -lc -lm -Wl,--end-group
Finished building target: F405ZGT6_PWM_test.elf
 
arm-none-eabi-size  F405ZGT6_PWM_test.elf 
arm-none-eabi-objdump -h -S F405ZGT6_PWM_test.elf  > "F405ZGT6_PWM_test.list"
   text	   data	    bss	    dec	    hex	filename
  15404	     16	   1896	  17316	   43a4	F405ZGT6_PWM_test.elf
Finished building: default.size.stdout
 
Finished building: F405ZGT6_PWM_test.list
 
14:20:00 **** Incremental Build of configuration Debug for project F405ZGT6_PWM_test ****
make -j4 all 
arm-none-eabi-gcc "../Core/Src/main.c" -mcpu=cortex-m4 -std=gnu11 -g3 -DDEBUG -DUSE_HAL_DRIVER -DSTM32F405xx -c -I../Core/Inc -I../Drivers/STM32F4xx_HAL_Driver/Inc -I../Drivers/STM32F4xx_HAL_Driver/Inc/Legacy -I../Drivers/CMSIS/Device/ST/STM32F4xx/Include -I../Drivers/CMSIS/Include -O0 -ffunction-sections -fdata-sections -Wall -fstack-usage -fcyclomatic-complexity -MMD -MP -MF"Core/Src/main.d" -MT"Core/Src/main.o" --specs=nano.specs -mfpu=fpv4-sp-d16 -mfloat-abi=hard -mthumb -o "Core/Src/main.o"
arm-none-eabi-gcc -o "F405ZGT6_PWM_test.elf" @"objects.list"   -mcpu=cortex-m4 -T"C:\Users\RND_220516\Documents\STM32\F405ZGT6_PWM_test\STM32F405ZGTX_FLASH.ld" --specs=nosys.specs -Wl,-Map="F405ZGT6_PWM_test.map" -Wl,--gc-sections -static --specs=nano.specs -mfpu=fpv4-sp-d16 -mfloat-abi=hard -mthumb -Wl,--start-group -lc -lm -Wl,--end-group
Finished building target: F405ZGT6_PWM_test.elf
 
arm-none-eabi-size  F405ZGT6_PWM_test.elf 
arm-none-eabi-objdump -h -S F405ZGT6_PWM_test.elf  > "F405ZGT6_PWM_test.list"
   text	   data	    bss	    dec	    hex	filename
  15376	     16	   1896	  17288	   4388	F405ZGT6_PWM_test.elf
Finished building: default.size.stdout
 
Finished building: F405ZGT6_PWM_test.list
 
14:25:04 **** Incremental Build of configuration Debug for project F405ZGT6_PWM_test ****
make -j4 all 
arm-none-eabi-gcc "../Core/Src/main.c" -mcpu=cortex-m4 -std=gnu11 -g3 -DDEBUG -DUSE_HAL_DRIVER -DSTM32F405xx -c -I../Core/Inc -I../Drivers/STM32F4xx_HAL_Driver/Inc -I../Drivers/STM32F4xx_HAL_Driver/Inc/Legacy -I../Drivers/CMSIS/Device/ST/STM32F4xx/Include -I../Drivers/CMSIS/Include -O0 -ffunction-sections -fdata-sections -Wall -fstack-usage -fcyclomatic-complexity -MMD -MP -MF"Core/Src/main.d" -MT"Core/Src/main.o" --specs=nano.specs -mfpu=fpv4-sp-d16 -mfloat-abi=hard -mthumb -o "Core/Src/main.o"
arm-none-eabi-gcc -o "F405ZGT6_PWM_test.elf" @"objects.list"   -mcpu=cortex-m4 -T"C:\Users\RND_220516\Documents\STM32\F405ZGT6_PWM_test\STM32F405ZGTX_FLASH.ld" --specs=nosys.specs -Wl,-Map="F405ZGT6_PWM_test.map" -Wl,--gc-sections -static --specs=nano.specs -mfpu=fpv4-sp-d16 -mfloat-abi=hard -mthumb -Wl,--start-group -lc -lm -Wl,--end-group
Finished building target: F405ZGT6_PWM_test.elf
 
arm-none-eabi-size  F405ZGT6_PWM_test.elf 
arm-none-eabi-objdump -h -S F405ZGT6_PWM_test.elf  > "F405ZGT6_PWM_test.list"
   text	   data	    bss	    dec	    hex	filename
  15344	     16	   1896	  17256	   4368	F405ZGT6_PWM_test.elf
Finished building: default.size.stdout
 
Finished building: F405ZGT6_PWM_test.list
 
14:39:49 **** Incremental Build of configuration Debug for project F405ZGT6_PWM_test ****
make -j4 all 
arm-none-eabi-gcc "../Core/Src/main.c" -mcpu=cortex-m4 -std=gnu11 -g3 -DDEBUG -DUSE_HAL_DRIVER -DSTM32F405xx -c -I../Core/Inc -I../Drivers/STM32F4xx_HAL_Driver/Inc -I../Drivers/STM32F4xx_HAL_Driver/Inc/Legacy -I../Drivers/CMSIS/Device/ST/STM32F4xx/Include -I../Drivers/CMSIS/Include -O0 -ffunction-sections -fdata-sections -Wall -fstack-usage -fcyclomatic-complexity -MMD -MP -MF"Core/Src/main.d" -MT"Core/Src/main.o" --specs=nano.specs -mfpu=fpv4-sp-d16 -mfloat-abi=hard -mthumb -o "Core/Src/main.o"
arm-none-eabi-gcc -o "F405ZGT6_PWM_test.elf" @"objects.list"   -mcpu=cortex-m4 -T"C:\Users\RND_220516\Documents\STM32\F405ZGT6_PWM_test\STM32F405ZGTX_FLASH.ld" --specs=nosys.specs -Wl,-Map="F405ZGT6_PWM_test.map" -Wl,--gc-sections -static --specs=nano.specs -mfpu=fpv4-sp-d16 -mfloat-abi=hard -mthumb -Wl,--start-group -lc -lm -Wl,--end-group
Finished building target: F405ZGT6_PWM_test.elf
 
arm-none-eabi-size  F405ZGT6_PWM_test.elf 
arm-none-eabi-objdump -h -S F405ZGT6_PWM_test.elf  > "F405ZGT6_PWM_test.list"
   text	   data	    bss	    dec	    hex	filename
  15404	     16	   1896	  17316	   43a4	F405ZGT6_PWM_test.elf
Finished building: default.size.stdout
 
Finished building: F405ZGT6_PWM_test.list
 
